[Architectury Transformer] Architectury Runtime 5.2.87
[Architectury Transformer DEBUG] Closed File Systems for C:\Users\Ray\Documents\ModDevNew\Holographic Health Indicators\holographic_health_indicators-1.20.4-fabric-neoforge-forge-template\common\build\devlibs\holographic_health_indicators-common-1.0.0-dev.jar
[Architectury Transformer DEBUG] Preparing tiny remapper prepared transformer: dev.architectury.transformer.handler.TinyRemapperPreparedTransformerHandler
[Architectury Transformer DEBUG] Provided 124 classpath jar(s):
[Architectury Transformer DEBUG]  - C:\Users\Ray\.gradle\caches\modules-2\files-2.1\dev.architectury\architectury-injectables\1.0.10\62db2a366d662606d1b23ad02ccc3212ed37ec3\architectury-injectables-1.0.10.jar
[Architectury Transformer DEBUG]  - C:\Users\Ray\.gradle\caches\modules-2\files-2.1\net.fabricmc\fabric-loader\0.18.4\dc4682125d5db647d6ce80a98b98945835adcd4b\fabric-loader-0.18.4.jar
[Architectury Transformer DEBUG]  - C:\Users\Ray\.gradle\caches\modules-2\files-2.1\org.jetbrains\annotations\26.0.2\c7ce3cdeda3d18909368dfe5977332dfad326c6d\annotations-26.0.2.jar
[Architectury Transformer DEBUG]  - C:\Users\Ray\.gradle\caches\modules-2\files-2.1\org.ow2.asm\asm\9.9\c29635c8a7afa03d74b33c1884df8abb2b3f3dcc\asm-9.9.jar
[Architectury Transformer DEBUG]  - C:\Users\Ray\.gradle\caches\modules-2\files-2.1\org.ow2.asm\asm-analysis\9.9\bf4fa6e66638851c1cd22c2caea0c3ee5d5f437\asm-analysis-9.9.jar
[Architectury Transformer DEBUG]  - C:\Users\Ray\.gradle\caches\modules-2\files-2.1\org.ow2.asm\asm-commons\9.9\db9165a3bf908ded6b08612d583a15d1d0c7bda0\asm-commons-9.9.jar
[Architectury Transformer DEBUG]  - C:\Users\Ray\.gradle\caches\modules-2\files-2.1\org.ow2.asm\asm-tree\9.9\f8de6eead6d24dd0f45bd065bbe112b2cda6ea21\asm-tree-9.9.jar
[Architectury Transformer DEBUG]  - C:\Users\Ray\.gradle\caches\modules-2\files-2.1\org.ow2.asm\asm-util\9.9\42fdfc0508b43807c8078d6e82ecff2ce2112ae8\asm-util-9.9.jar
[Architectury Transformer DEBUG]  - C:\Users\Ray\.gradle\caches\modules-2\files-2.1\net.fabricmc\sponge-mixin\0.17.0+mixin.0.8.7\cf31463202f72d03b0ef1e1e38e8ee71b7faaab6\sponge-mixin-0.17.0+mixin.0.8.7.jar
[Architectury Transformer DEBUG]  - C:\Users\Ray\.gradle\caches\modules-2\files-2.1\io.github.llamalad7\mixinextras-fabric\0.5.0\91a83dfb7abd320f6236bd1fcf5c0ff143d59a13\mixinextras-fabric-0.5.0.jar
[Architectury Transformer DEBUG]  - C:\Users\Ray\.gradle\caches\modules-2\files-2.1\com.fasterxml.jackson.core\jackson-annotations\2.13.4\858c6cc78e1f08a885b1613e1d817c829df70a6e\jackson-annotations-2.13.4.jar
[Architectury Transformer DEBUG]  - C:\Users\Ray\.gradle\caches\modules-2\files-2.1\com.fasterxml.jackson.core\jackson-core\2.13.4\cf934c681294b97ef6d80082faeefbe1edadf56\jackson-core-2.13.4.jar
[Architectury Transformer DEBUG]  - C:\Users\Ray\.gradle\caches\modules-2\files-2.1\com.fasterxml.jackson.core\jackson-databind\2.13.4.2\325c06bdfeb628cfb80ebaaf1a26cc1eb558a585\jackson-databind-2.13.4.2.jar
[Architectury Transformer DEBUG]  - C:\Users\Ray\.gradle\caches\modules-2\files-2.1\com.github.oshi\oshi-core\6.4.10\b1d8ab82d11d92fd639b56d639f8f46f739dd5fa\oshi-core-6.4.10.jar
[Architectury Transformer DEBUG]  - C:\Users\Ray\.gradle\caches\modules-2\files-2.1\com.github.stephenc.jcip\jcip-annotations\1.0-1\ef31541dd28ae2cefdd17c7ebf352d93e9058c63\jcip-annotations-1.0-1.jar
[Architectury Transformer DEBUG]  - C:\Users\Ray\.gradle\caches\modules-2\files-2.1\com.google.code.gson\gson\2.10.1\b3add478d4382b78ea20b1671390a858002feb6c\gson-2.10.1.jar
[Architectury Transformer DEBUG]  - C:\Users\Ray\.gradle\caches\modules-2\files-2.1\com.google.guava\failureaccess\1.0.1\1dcf1de382a0bf95a3d8b0849546c88bac1292c9\failureaccess-1.0.1.jar
[Architectury Transformer DEBUG]  - C:\Users\Ray\.gradle\caches\modules-2\files-2.1\com.google.guava\guava\32.1.2-jre\5e64ec7e056456bef3a4bc4c6fdaef71e8ab6318\guava-32.1.2-jre.jar
[Architectury Transformer DEBUG]  - C:\Users\Ray\.gradle\caches\modules-2\files-2.1\com.ibm.icu\icu4j\73.2\61ad4ef7f9131fcf6d25c34b817f90d6da06c9e9\icu4j-73.2.jar
[Architectury Transformer DEBUG]  - C:\Users\Ray\.gradle\caches\modules-2\files-2.1\com.microsoft.azure\msal4j\1.15.0\52fd60d5dc3f0fb3ed5c19b63f6f2312cd1f6add\msal4j-1.15.0.jar
[Architectury Transformer DEBUG]  - C:\Users\Ray\.gradle\caches\modules-2\files-2.1\com.mojang\authlib\6.0.55\f0e9077d577b4c3c4d310d5fe704b4eb95a359fe\authlib-6.0.55.jar
[Architectury Transformer DEBUG]  - C:\Users\Ray\.gradle\caches\modules-2\files-2.1\com.mojang\blocklist\1.0.10\5c685c5ffa94c4cd39496c7184c1d122e515ecef\blocklist-1.0.10.jar
[Architectury Transformer DEBUG]  - C:\Users\Ray\.gradle\caches\modules-2\files-2.1\com.mojang\brigadier\1.3.10\d15b53a14cf20fdcaa98f731af5dda654452c010\brigadier-1.3.10.jar
[Architectury Transformer DEBUG]  - C:\Users\Ray\.gradle\caches\modules-2\files-2.1\com.mojang\datafixerupper\8.0.16\67d4de6d7f95d89bcf5862995fb854ebaec02a34\datafixerupper-8.0.16.jar
[Architectury Transformer DEBUG]  - C:\Users\Ray\.gradle\caches\modules-2\files-2.1\com.mojang\jtracy\1.0.29\6f07dcb6a2e595c7ee2ca43b67e5d1c018ca0770\jtracy-1.0.29.jar
[Architectury Transformer DEBUG]  - C:\Users\Ray\.gradle\caches\modules-2\files-2.1\com.mojang\logging\1.4.9\275b4b0469bb089e2633b569768be913a444e5d9\logging-1.4.9.jar
[Architectury Transformer DEBUG]  - C:\Users\Ray\.gradle\caches\modules-2\files-2.1\com.mojang\patchy\2.2.10\da05971b07cbb379d002cf7eaec6a2048211fefc\patchy-2.2.10.jar
[Architectury Transformer DEBUG]  - C:\Users\Ray\.gradle\caches\modules-2\files-2.1\com.mojang\text2speech\1.17.9\3cad216e3a7f0c19b4b394388bc9ffc446f13b14\text2speech-1.17.9.jar
[Architectury Transformer DEBUG]  - C:\Users\Ray\.gradle\caches\modules-2\files-2.1\com.nimbusds\content-type\2.3\e3aa0be212d7a42839a8f3f506f5b990bcce0222\content-type-2.3.jar
[Architectury Transformer DEBUG]  - C:\Users\Ray\.gradle\caches\modules-2\files-2.1\com.nimbusds\lang-tag\1.7\97c73ecd70bc7e8eefb26c5eea84f251a63f1031\lang-tag-1.7.jar
[Architectury Transformer DEBUG]  - C:\Users\Ray\.gradle\caches\modules-2\files-2.1\com.nimbusds\nimbus-jose-jwt\9.37.3\700f71ffefd60c16bd8ce711a956967ea9071cec\nimbus-jose-jwt-9.37.3.jar
[Architectury Transformer DEBUG]  - C:\Users\Ray\.gradle\caches\modules-2\files-2.1\com.nimbusds\oauth2-oidc-sdk\11.9.1\fa9a2e447e2cef4dfda40a854dd7ec35624a7799\oauth2-oidc-sdk-11.9.1.jar
[Architectury Transformer DEBUG]  - C:\Users\Ray\.gradle\caches\modules-2\files-2.1\commons-codec\commons-codec\1.16.0\4e3eb3d79888d76b54e28b350915b5dc3919c9de\commons-codec-1.16.0.jar
[Architectury Transformer DEBUG]  - C:\Users\Ray\.gradle\caches\modules-2\files-2.1\commons-io\commons-io\2.15.1\f11560da189ab563a5c8e351941415430e9304ea\commons-io-2.15.1.jar
[Architectury Transformer DEBUG]  - C:\Users\Ray\.gradle\caches\modules-2\files-2.1\commons-logging\commons-logging\1.2\4bfc12adfe4842bf07b657f0369c4cb522955686\commons-logging-1.2.jar
[Architectury Transformer DEBUG]  - C:\Users\Ray\.gradle\caches\modules-2\files-2.1\io.netty\netty-buffer\4.1.97.Final\f8f3d8644afa5e6e1a40a3a6aeb9d9aa970ecb4f\netty-buffer-4.1.97.Final.jar
[Architectury Transformer DEBUG]  - C:\Users\Ray\.gradle\caches\modules-2\files-2.1\io.netty\netty-codec\4.1.97.Final\384ba4d75670befbedb45c4d3b497a93639c206d\netty-codec-4.1.97.Final.jar
[Architectury Transformer DEBUG]  - C:\Users\Ray\.gradle\caches\modules-2\files-2.1\io.netty\netty-common\4.1.97.Final\7cceacaf11df8dc63f23d0fb58e9d4640fc88404\netty-common-4.1.97.Final.jar
[Architectury Transformer DEBUG]  - C:\Users\Ray\.gradle\caches\modules-2\files-2.1\io.netty\netty-handler\4.1.97.Final\abb86c6906bf512bf2b797a41cd7d2e8d3cd7c36\netty-handler-4.1.97.Final.jar
[Architectury Transformer DEBUG]  - C:\Users\Ray\.gradle\caches\modules-2\files-2.1\io.netty\netty-resolver\4.1.97.Final\cec8348108dc76c47cf87c669d514be52c922144\netty-resolver-4.1.97.Final.jar
[Architectury Transformer DEBUG]  - C:\Users\Ray\.gradle\caches\modules-2\files-2.1\io.netty\netty-transport-classes-epoll\4.1.97.Final\795da37ded759e862457a82d9d92c4d39ce8ecee\netty-transport-classes-epoll-4.1.97.Final.jar
[Architectury Transformer DEBUG]  - C:\Users\Ray\.gradle\caches\modules-2\files-2.1\io.netty\netty-transport-native-unix-common\4.1.97.Final\d469d84265ab70095b01b40886cabdd433b6e664\netty-transport-native-unix-common-4.1.97.Final.jar
[Architectury Transformer DEBUG]  - C:\Users\Ray\.gradle\caches\modules-2\files-2.1\io.netty\netty-transport\4.1.97.Final\f37380d23c9bb079bc702910833b2fd532c9abd0\netty-transport-4.1.97.Final.jar
[Architectury Transformer DEBUG]  - C:\Users\Ray\.gradle\caches\modules-2\files-2.1\it.unimi.dsi\fastutil\8.5.12\c24946d46824bd528054bface3231d2ecb7e95e8\fastutil-8.5.12.jar
[Architectury Transformer DEBUG]  - C:\Users\Ray\.gradle\caches\modules-2\files-2.1\net.java.dev.jna\jna-platform\5.14.0\28934d48aed814f11e4c584da55c49fa7032b31b\jna-platform-5.14.0.jar
[Architectury Transformer DEBUG]  - C:\Users\Ray\.gradle\caches\modules-2\files-2.1\net.java.dev.jna\jna\5.14.0\67bf3eaea4f0718cb376a181a629e5f88fa1c9dd\jna-5.14.0.jar
[Architectury Transformer DEBUG]  - C:\Users\Ray\.gradle\caches\modules-2\files-2.1\net.minidev\accessors-smart\2.5.0\aca011492dfe9c26f4e0659028a4fe0970829dd8\accessors-smart-2.5.0.jar
[Architectury Transformer DEBUG]  - C:\Users\Ray\.gradle\caches\modules-2\files-2.1\net.minidev\json-smart\2.5.0\57a64f421b472849c40e77d2e7cce3a141b41e99\json-smart-2.5.0.jar
[Architectury Transformer DEBUG]  - C:\Users\Ray\.gradle\caches\modules-2\files-2.1\net.sf.jopt-simple\jopt-simple\5.0.4\4fdac2fbe92dfad86aa6e9301736f6b4342a3f5c\jopt-simple-5.0.4.jar
[Architectury Transformer DEBUG]  - C:\Users\Ray\.gradle\caches\modules-2\files-2.1\org.apache.commons\commons-compress\1.26.0\659feffdd12280201c8aacb8f7be94f9a883c824\commons-compress-1.26.0.jar
[Architectury Transformer DEBUG]  - C:\Users\Ray\.gradle\caches\modules-2\files-2.1\org.apache.commons\commons-lang3\3.14.0\1ed471194b02f2c6cb734a0cd6f6f107c673afae\commons-lang3-3.14.0.jar
[Architectury Transformer DEBUG]  - C:\Users\Ray\.gradle\caches\modules-2\files-2.1\org.apache.httpcomponents\httpclient\4.5.13\e5f6cae5ca7ecaac1ec2827a9e2d65ae2869cada\httpclient-4.5.13.jar
[Architectury Transformer DEBUG]  - C:\Users\Ray\.gradle\caches\modules-2\files-2.1\org.apache.httpcomponents\httpcore\4.4.16\51cf043c87253c9f58b539c9f7e44c8894223850\httpcore-4.4.16.jar
[Architectury Transformer DEBUG]  - C:\Users\Ray\.gradle\caches\modules-2\files-2.1\org.apache.logging.log4j\log4j-api\2.22.1\bea6fede6328fabafd7e68363161a7ea6605abd1\log4j-api-2.22.1.jar
[Architectury Transformer DEBUG]  - C:\Users\Ray\.gradle\caches\modules-2\files-2.1\org.apache.logging.log4j\log4j-core\2.22.1\7183a25510a02ad00cc6a95d3b3d2a7d3c5a8dc4\log4j-core-2.22.1.jar
[Architectury Transformer DEBUG]  - C:\Users\Ray\.gradle\caches\modules-2\files-2.1\org.apache.logging.log4j\log4j-slf4j2-impl\2.22.1\d7e6693c2606cb7e7335047d7bb96dec52db5665\log4j-slf4j2-impl-2.22.1.jar
[Architectury Transformer DEBUG]  - C:\Users\Ray\.gradle\caches\modules-2\files-2.1\org.jcraft\jorbis\0.0.17\8872d22b293e8f5d7d56ff92be966e6dc28ebdc6\jorbis-0.0.17.jar
[Architectury Transformer DEBUG]  - C:\Users\Ray\.gradle\caches\modules-2\files-2.1\org.joml\joml\1.10.5\22566d58af70ad3d72308bab63b8339906deb649\joml-1.10.5.jar
[Architectury Transformer DEBUG]  - C:\Users\Ray\.gradle\caches\modules-2\files-2.1\org.lwjgl\lwjgl-freetype\3.3.3\a0db6c84a8becc8ca05f9dbfa985edc348a824c7\lwjgl-freetype-3.3.3.jar
[Architectury Transformer DEBUG]  - C:\Users\Ray\.gradle\caches\modules-2\files-2.1\org.lwjgl\lwjgl-glfw\3.3.3\efa1eb78c5ccd840e9f329717109b5e892d72f8e\lwjgl-glfw-3.3.3.jar
[Architectury Transformer DEBUG]  - C:\Users\Ray\.gradle\caches\modules-2\files-2.1\org.lwjgl\lwjgl-jemalloc\3.3.3\b543467b7ff3c6920539a88ee602d34098628be5\lwjgl-jemalloc-3.3.3.jar
[Architectury Transformer DEBUG]  - C:\Users\Ray\.gradle\caches\modules-2\files-2.1\org.lwjgl\lwjgl-openal\3.3.3\daada81ceb5fc0c291fbfdd4433cb8d9423577f2\lwjgl-openal-3.3.3.jar
[Architectury Transformer DEBUG]  - C:\Users\Ray\.gradle\caches\modules-2\files-2.1\org.lwjgl\lwjgl-opengl\3.3.3\2f6b0147078396a58979125a4c947664e98293a\lwjgl-opengl-3.3.3.jar
[Architectury Transformer DEBUG]  - C:\Users\Ray\.gradle\caches\modules-2\files-2.1\org.lwjgl\lwjgl-stb\3.3.3\25dd6161988d7e65f71d5065c99902402ee32746\lwjgl-stb-3.3.3.jar
[Architectury Transformer DEBUG]  - C:\Users\Ray\.gradle\caches\modules-2\files-2.1\org.lwjgl\lwjgl-tinyfd\3.3.3\82d755ca94b102e9ca77283b9e2dc46d1b15fbe5\lwjgl-tinyfd-3.3.3.jar
[Architectury Transformer DEBUG]  - C:\Users\Ray\.gradle\caches\modules-2\files-2.1\org.lwjgl\lwjgl\3.3.3\29589b5f87ed335a6c7e7ee6a5775f81f97ecb84\lwjgl-3.3.3.jar
[Architectury Transformer DEBUG]  - C:\Users\Ray\.gradle\caches\modules-2\files-2.1\org.lz4\lz4-java\1.8.0\4b986a99445e49ea5fbf5d149c4b63f6ed6c6780\lz4-java-1.8.0.jar
[Architectury Transformer DEBUG]  - C:\Users\Ray\.gradle\caches\modules-2\files-2.1\org.slf4j\slf4j-api\2.0.9\7cf2726fdcfbc8610f9a71fb3ed639871f315340\slf4j-api-2.0.9.jar
[Architectury Transformer DEBUG]  - C:\Users\Ray\Documents\ModDevNew\Holographic Health Indicators\holographic_health_indicators-1.20.4-fabric-neoforge-forge-template\.gradle\loom-cache\minecraftMaven\net\minecraft\minecraft-merged-6f017613a3\1.21.2-loom.mappings.1_21_2.layered+hash.40359-v2\minecraft-merged-6f017613a3-1.21.2-loom.mappings.1_21_2.layered+hash.40359-v2.jar
[Architectury Transformer DEBUG]  - C:\Users\Ray\.gradle\caches\modules-2\files-2.1\io.netty\netty-transport-native-epoll\4.1.97.Final\54188f271e388e7f313aea995e82f58ce2cdb809\netty-transport-native-epoll-4.1.97.Final-linux-x86_64.jar
[Architectury Transformer DEBUG]  - C:\Users\Ray\.gradle\caches\modules-2\files-2.1\io.netty\netty-transport-native-epoll\4.1.97.Final\5514744c588190ffda076b35a9b8c9f24946a960\netty-transport-native-epoll-4.1.97.Final-linux-aarch_64.jar
[Architectury Transformer DEBUG]  - C:\Users\Ray\Documents\ModDevNew\Holographic Health Indicators\holographic_health_indicators-1.20.4-fabric-neoforge-forge-template\.gradle\loom-cache\remapped_mods\remapped\net\fabricmc\fabric-api\fabric-api-f9c26213\0.106.1+1.21.2\fabric-api-f9c26213-0.106.1+1.21.2.jar
[Architectury Transformer DEBUG]  - C:\Users\Ray\Documents\ModDevNew\Holographic Health Indicators\holographic_health_indicators-1.20.4-fabric-neoforge-forge-template\.gradle\loom-cache\remapped_mods\remapped\net\fabricmc\fabric-api\fabric-transfer-api-v1-f9c26213\5.4.0+c47b9d4373\fabric-transfer-api-v1-f9c26213-5.4.0+c47b9d4373.jar
[Architectury Transformer DEBUG]  - C:\Users\Ray\Documents\ModDevNew\Holographic Health Indicators\holographic_health_indicators-1.20.4-fabric-neoforge-forge-template\.gradle\loom-cache\remapped_mods\remapped\net\fabricmc\fabric-api\fabric-api-lookup-api-v1-f9c26213\1.6.78+c47b9d4373\fabric-api-lookup-api-v1-f9c26213-1.6.78+c47b9d4373.jar
[Architectury Transformer DEBUG]  - C:\Users\Ray\Documents\ModDevNew\Holographic Health Indicators\holographic_health_indicators-1.20.4-fabric-neoforge-forge-template\.gradle\loom-cache\remapped_mods\remapped\net\fabricmc\fabric-api\fabric-blockrenderlayer-v1-f9c26213\2.0.2+c47b9d4373\fabric-blockrenderlayer-v1-f9c26213-2.0.2+c47b9d4373.jar
[Architectury Transformer DEBUG]  - C:\Users\Ray\Documents\ModDevNew\Holographic Health Indicators\holographic_health_indicators-1.20.4-fabric-neoforge-forge-template\.gradle\loom-cache\remapped_mods\remapped\net\fabricmc\fabric-api\fabric-client-tags-api-v1-f9c26213\1.1.22+c47b9d4373\fabric-client-tags-api-v1-f9c26213-1.1.22+c47b9d4373.jar
[Architectury Transformer DEBUG]  - C:\Users\Ray\Documents\ModDevNew\Holographic Health Indicators\holographic_health_indicators-1.20.4-fabric-neoforge-forge-template\.gradle\loom-cache\remapped_mods\remapped\net\fabricmc\fabric-api\fabric-command-api-v1-f9c26213\1.2.56+f71b366f73\fabric-command-api-v1-f9c26213-1.2.56+f71b366f73.jar
[Architectury Transformer DEBUG]  - C:\Users\Ray\Documents\ModDevNew\Holographic Health Indicators\holographic_health_indicators-1.20.4-fabric-neoforge-forge-template\.gradle\loom-cache\remapped_mods\remapped\net\fabricmc\fabric-api\fabric-commands-v0-f9c26213\0.2.73+df3654b373\fabric-commands-v0-f9c26213-0.2.73+df3654b373.jar
[Architectury Transformer DEBUG]  - C:\Users\Ray\Documents\ModDevNew\Holographic Health Indicators\holographic_health_indicators-1.20.4-fabric-neoforge-forge-template\.gradle\loom-cache\remapped_mods\remapped\net\fabricmc\fabric-api\fabric-command-api-v2-f9c26213\2.2.35+c47b9d4373\fabric-command-api-v2-f9c26213-2.2.35+c47b9d4373.jar
[Architectury Transformer DEBUG]  - C:\Users\Ray\Documents\ModDevNew\Holographic Health Indicators\holographic_health_indicators-1.20.4-fabric-neoforge-forge-template\.gradle\loom-cache\remapped_mods\remapped\net\fabricmc\fabric-api\fabric-content-registries-v0-f9c26213\9.1.5+c47b9d4373\fabric-content-registries-v0-f9c26213-9.1.5+c47b9d4373.jar
[Architectury Transformer DEBUG]  - C:\Users\Ray\Documents\ModDevNew\Holographic Health Indicators\holographic_health_indicators-1.20.4-fabric-neoforge-forge-template\.gradle\loom-cache\remapped_mods\remapped\net\fabricmc\fabric-api\fabric-data-generation-api-v1-f9c26213\21.0.14+c47b9d4373\fabric-data-generation-api-v1-f9c26213-21.0.14+c47b9d4373.jar
[Architectury Transformer DEBUG]  - C:\Users\Ray\Documents\ModDevNew\Holographic Health Indicators\holographic_health_indicators-1.20.4-fabric-neoforge-forge-template\.gradle\loom-cache\remapped_mods\remapped\net\fabricmc\fabric-api\fabric-convention-tags-v1-f9c26213\2.1.0+7f945d5b73\fabric-convention-tags-v1-f9c26213-2.1.0+7f945d5b73.jar
[Architectury Transformer DEBUG]  - C:\Users\Ray\Documents\ModDevNew\Holographic Health Indicators\holographic_health_indicators-1.20.4-fabric-neoforge-forge-template\.gradle\loom-cache\remapped_mods\remapped\net\fabricmc\fabric-api\fabric-convention-tags-v2-f9c26213\2.9.0+c47b9d4373\fabric-convention-tags-v2-f9c26213-2.9.0+c47b9d4373.jar
[Architectury Transformer DEBUG]  - C:\Users\Ray\Documents\ModDevNew\Holographic Health Indicators\holographic_health_indicators-1.20.4-fabric-neoforge-forge-template\.gradle\loom-cache\remapped_mods\remapped\net\fabricmc\fabric-api\fabric-data-attachment-api-v1-f9c26213\1.1.38+c47b9d4373\fabric-data-attachment-api-v1-f9c26213-1.1.38+c47b9d4373.jar
[Architectury Transformer DEBUG]  - C:\Users\Ray\Documents\ModDevNew\Holographic Health Indicators\holographic_health_indicators-1.20.4-fabric-neoforge-forge-template\.gradle\loom-cache\remapped_mods\remapped\net\fabricmc\fabric-api\fabric-entity-events-v1-f9c26213\2.0.5+c47b9d4373\fabric-entity-events-v1-f9c26213-2.0.5+c47b9d4373.jar
[Architectury Transformer DEBUG]  - C:\Users\Ray\Documents\ModDevNew\Holographic Health Indicators\holographic_health_indicators-1.20.4-fabric-neoforge-forge-template\.gradle\loom-cache\remapped_mods\remapped\net\fabricmc\fabric-api\fabric-events-interaction-v0-f9c26213\2.0.9+c47b9d4373\fabric-events-interaction-v0-f9c26213-2.0.9+c47b9d4373.jar
[Architectury Transformer DEBUG]  - C:\Users\Ray\Documents\ModDevNew\Holographic Health Indicators\holographic_health_indicators-1.20.4-fabric-neoforge-forge-template\.gradle\loom-cache\remapped_mods\remapped\net\fabricmc\fabric-api\fabric-gametest-api-v1-f9c26213\2.0.13+c47b9d4373\fabric-gametest-api-v1-f9c26213-2.0.13+c47b9d4373.jar
[Architectury Transformer DEBUG]  - C:\Users\Ray\Documents\ModDevNew\Holographic Health Indicators\holographic_health_indicators-1.20.4-fabric-neoforge-forge-template\.gradle\loom-cache\remapped_mods\remapped\net\fabricmc\fabric-api\fabric-item-api-v1-f9c26213\11.1.5+c47b9d4373\fabric-item-api-v1-f9c26213-11.1.5+c47b9d4373.jar
[Architectury Transformer DEBUG]  - C:\Users\Ray\Documents\ModDevNew\Holographic Health Indicators\holographic_health_indicators-1.20.4-fabric-neoforge-forge-template\.gradle\loom-cache\remapped_mods\remapped\net\fabricmc\fabric-api\fabric-item-group-api-v1-f9c26213\4.1.15+e7c9ab6673\fabric-item-group-api-v1-f9c26213-4.1.15+e7c9ab6673.jar
[Architectury Transformer DEBUG]  - C:\Users\Ray\Documents\ModDevNew\Holographic Health Indicators\holographic_health_indicators-1.20.4-fabric-neoforge-forge-template\.gradle\loom-cache\remapped_mods\remapped\net\fabricmc\fabric-api\fabric-lifecycle-events-v1-f9c26213\2.3.22+c47b9d4373\fabric-lifecycle-events-v1-f9c26213-2.3.22+c47b9d4373.jar
[Architectury Transformer DEBUG]  - C:\Users\Ray\Documents\ModDevNew\Holographic Health Indicators\holographic_health_indicators-1.20.4-fabric-neoforge-forge-template\.gradle\loom-cache\remapped_mods\remapped\net\fabricmc\fabric-api\fabric-loot-api-v2-f9c26213\3.0.24+3f89f5a573\fabric-loot-api-v2-f9c26213-3.0.24+3f89f5a573.jar
[Architectury Transformer DEBUG]  - C:\Users\Ray\Documents\ModDevNew\Holographic Health Indicators\holographic_health_indicators-1.20.4-fabric-neoforge-forge-template\.gradle\loom-cache\remapped_mods\remapped\net\fabricmc\fabric-api\fabric-loot-api-v3-f9c26213\1.0.12+c47b9d4373\fabric-loot-api-v3-f9c26213-1.0.12+c47b9d4373.jar
[Architectury Transformer DEBUG]  - C:\Users\Ray\Documents\ModDevNew\Holographic Health Indicators\holographic_health_indicators-1.20.4-fabric-neoforge-forge-template\.gradle\loom-cache\remapped_mods\remapped\net\fabricmc\fabric-api\fabric-message-api-v1-f9c26213\6.0.19+c47b9d4373\fabric-message-api-v1-f9c26213-6.0.19+c47b9d4373.jar
[Architectury Transformer DEBUG]  - C:\Users\Ray\Documents\ModDevNew\Holographic Health Indicators\holographic_health_indicators-1.20.4-fabric-neoforge-forge-template\.gradle\loom-cache\remapped_mods\remapped\net\fabricmc\fabric-api\fabric-model-loading-api-v1-f9c26213\3.0.7+c47b9d4373\fabric-model-loading-api-v1-f9c26213-3.0.7+c47b9d4373.jar
[Architectury Transformer DEBUG]  - C:\Users\Ray\Documents\ModDevNew\Holographic Health Indicators\holographic_health_indicators-1.20.4-fabric-neoforge-forge-template\.gradle\loom-cache\remapped_mods\remapped\net\fabricmc\fabric-api\fabric-recipe-api-v1-f9c26213\7.0.2+c47b9d4373\fabric-recipe-api-v1-f9c26213-7.0.2+c47b9d4373.jar
[Architectury Transformer DEBUG]  - C:\Users\Ray\Documents\ModDevNew\Holographic Health Indicators\holographic_health_indicators-1.20.4-fabric-neoforge-forge-template\.gradle\loom-cache\remapped_mods\remapped\net\fabricmc\fabric-api\fabric-screen-handler-api-v1-f9c26213\1.3.98+c47b9d4373\fabric-screen-handler-api-v1-f9c26213-1.3.98+c47b9d4373.jar
[Architectury Transformer DEBUG]  - C:\Users\Ray\Documents\ModDevNew\Holographic Health Indicators\holographic_health_indicators-1.20.4-fabric-neoforge-forge-template\.gradle\loom-cache\remapped_mods\remapped\net\fabricmc\fabric-api\fabric-registry-sync-v0-f9c26213\5.2.0+56ec7ac673\fabric-registry-sync-v0-f9c26213-5.2.0+56ec7ac673.jar
[Architectury Transformer DEBUG]  - C:\Users\Ray\Documents\ModDevNew\Holographic Health Indicators\holographic_health_indicators-1.20.4-fabric-neoforge-forge-template\.gradle\loom-cache\remapped_mods\remapped\net\fabricmc\fabric-api\fabric-networking-api-v1-f9c26213\4.3.3+56ec7ac673\fabric-networking-api-v1-f9c26213-4.3.3+56ec7ac673.jar
[Architectury Transformer DEBUG]  - C:\Users\Ray\Documents\ModDevNew\Holographic Health Indicators\holographic_health_indicators-1.20.4-fabric-neoforge-forge-template\.gradle\loom-cache\remapped_mods\remapped\net\fabricmc\fabric-api\fabric-object-builder-api-v1-f9c26213\17.0.7+c47b9d4373\fabric-object-builder-api-v1-f9c26213-17.0.7+c47b9d4373.jar
[Architectury Transformer DEBUG]  - C:\Users\Ray\Documents\ModDevNew\Holographic Health Indicators\holographic_health_indicators-1.20.4-fabric-neoforge-forge-template\.gradle\loom-cache\remapped_mods\remapped\net\fabricmc\fabric-api\fabric-particles-v1-f9c26213\4.0.8+c47b9d4373\fabric-particles-v1-f9c26213-4.0.8+c47b9d4373.jar
[Architectury Transformer DEBUG]  - C:\Users\Ray\Documents\ModDevNew\Holographic Health Indicators\holographic_health_indicators-1.20.4-fabric-neoforge-forge-template\.gradle\loom-cache\remapped_mods\remapped\net\fabricmc\fabric-api\fabric-renderer-indigo-f9c26213\1.9.3+c47b9d4373\fabric-renderer-indigo-f9c26213-1.9.3+c47b9d4373.jar
[Architectury Transformer DEBUG]  - C:\Users\Ray\Documents\ModDevNew\Holographic Health Indicators\holographic_health_indicators-1.20.4-fabric-neoforge-forge-template\.gradle\loom-cache\remapped_mods\remapped\net\fabricmc\fabric-api\fabric-renderer-api-v1-f9c26213\4.0.3+c47b9d4373\fabric-renderer-api-v1-f9c26213-4.0.3+c47b9d4373.jar
[Architectury Transformer DEBUG]  - C:\Users\Ray\Documents\ModDevNew\Holographic Health Indicators\holographic_health_indicators-1.20.4-fabric-neoforge-forge-template\.gradle\loom-cache\remapped_mods\remapped\net\fabricmc\fabric-api\fabric-rendering-fluids-v1-f9c26213\3.1.13+c47b9d4373\fabric-rendering-fluids-v1-f9c26213-3.1.13+c47b9d4373.jar
[Architectury Transformer DEBUG]  - C:\Users\Ray\Documents\ModDevNew\Holographic Health Indicators\holographic_health_indicators-1.20.4-fabric-neoforge-forge-template\.gradle\loom-cache\remapped_mods\remapped\net\fabricmc\fabric-api\fabric-rendering-v0-f9c26213\1.1.81+df3654b373\fabric-rendering-v0-f9c26213-1.1.81+df3654b373.jar
[Architectury Transformer DEBUG]  - C:\Users\Ray\Documents\ModDevNew\Holographic Health Indicators\holographic_health_indicators-1.20.4-fabric-neoforge-forge-template\.gradle\loom-cache\remapped_mods\remapped\net\fabricmc\fabric-api\fabric-rendering-v1-f9c26213\8.0.5+c47b9d4373\fabric-rendering-v1-f9c26213-8.0.5+c47b9d4373.jar
[Architectury Transformer DEBUG]  - C:\Users\Ray\Documents\ModDevNew\Holographic Health Indicators\holographic_health_indicators-1.20.4-fabric-neoforge-forge-template\.gradle\loom-cache\remapped_mods\remapped\net\fabricmc\fabric-api\fabric-screen-api-v1-f9c26213\2.0.32+c47b9d4373\fabric-screen-api-v1-f9c26213-2.0.32+c47b9d4373.jar
[Architectury Transformer DEBUG]  - C:\Users\Ray\Documents\ModDevNew\Holographic Health Indicators\holographic_health_indicators-1.20.4-fabric-neoforge-forge-template\.gradle\loom-cache\remapped_mods\remapped\net\fabricmc\fabric-api\fabric-api-base-f9c26213\0.4.48+c47b9d4373\fabric-api-base-f9c26213-0.4.48+c47b9d4373.jar
[Architectury Transformer DEBUG]  - C:\Users\Ray\Documents\ModDevNew\Holographic Health Indicators\holographic_health_indicators-1.20.4-fabric-neoforge-forge-template\.gradle\loom-cache\remapped_mods\remapped\net\fabricmc\fabric-api\fabric-biome-api-v1-f9c26213\14.0.5+c47b9d4373\fabric-biome-api-v1-f9c26213-14.0.5+c47b9d4373.jar
[Architectury Transformer DEBUG]  - C:\Users\Ray\Documents\ModDevNew\Holographic Health Indicators\holographic_health_indicators-1.20.4-fabric-neoforge-forge-template\.gradle\loom-cache\remapped_mods\remapped\net\fabricmc\fabric-api\fabric-block-api-v1-f9c26213\1.0.28+c47b9d4373\fabric-block-api-v1-f9c26213-1.0.28+c47b9d4373.jar
[Architectury Transformer DEBUG]  - C:\Users\Ray\Documents\ModDevNew\Holographic Health Indicators\holographic_health_indicators-1.20.4-fabric-neoforge-forge-template\.gradle\loom-cache\remapped_mods\remapped\net\fabricmc\fabric-api\fabric-rendering-data-attachment-v1-f9c26213\0.3.54+73761d2e73\fabric-rendering-data-attachment-v1-f9c26213-0.3.54+73761d2e73.jar
[Architectury Transformer DEBUG]  - C:\Users\Ray\Documents\ModDevNew\Holographic Health Indicators\holographic_health_indicators-1.20.4-fabric-neoforge-forge-template\.gradle\loom-cache\remapped_mods\remapped\net\fabricmc\fabric-api\fabric-block-view-api-v2-f9c26213\1.0.16+c47b9d4373\fabric-block-view-api-v2-f9c26213-1.0.16+c47b9d4373.jar
[Architectury Transformer DEBUG]  - C:\Users\Ray\Documents\ModDevNew\Holographic Health Indicators\holographic_health_indicators-1.20.4-fabric-neoforge-forge-template\.gradle\loom-cache\remapped_mods\remapped\net\fabricmc\fabric-api\fabric-crash-report-info-v1-f9c26213\0.3.3+c47b9d4373\fabric-crash-report-info-v1-f9c26213-0.3.3+c47b9d4373.jar
[Architectury Transformer DEBUG]  - C:\Users\Ray\Documents\ModDevNew\Holographic Health Indicators\holographic_health_indicators-1.20.4-fabric-neoforge-forge-template\.gradle\loom-cache\remapped_mods\remapped\net\fabricmc\fabric-api\fabric-dimensions-v1-f9c26213\4.0.7+c47b9d4373\fabric-dimensions-v1-f9c26213-4.0.7+c47b9d4373.jar
[Architectury Transformer DEBUG]  - C:\Users\Ray\Documents\ModDevNew\Holographic Health Indicators\holographic_health_indicators-1.20.4-fabric-neoforge-forge-template\.gradle\loom-cache\remapped_mods\remapped\net\fabricmc\fabric-api\fabric-game-rule-api-v1-f9c26213\1.0.59+c47b9d4373\fabric-game-rule-api-v1-f9c26213-1.0.59+c47b9d4373.jar
[Architectury Transformer DEBUG]  - C:\Users\Ray\Documents\ModDevNew\Holographic Health Indicators\holographic_health_indicators-1.20.4-fabric-neoforge-forge-template\.gradle\loom-cache\remapped_mods\remapped\net\fabricmc\fabric-api\fabric-keybindings-v0-f9c26213\0.2.51+df3654b373\fabric-keybindings-v0-f9c26213-0.2.51+df3654b373.jar
[Architectury Transformer DEBUG]  - C:\Users\Ray\Documents\ModDevNew\Holographic Health Indicators\holographic_health_indicators-1.20.4-fabric-neoforge-forge-template\.gradle\loom-cache\remapped_mods\remapped\net\fabricmc\fabric-api\fabric-key-binding-api-v1-f9c26213\1.0.53+c47b9d4373\fabric-key-binding-api-v1-f9c26213-1.0.53+c47b9d4373.jar
[Architectury Transformer DEBUG]  - C:\Users\Ray\Documents\ModDevNew\Holographic Health Indicators\holographic_health_indicators-1.20.4-fabric-neoforge-forge-template\.gradle\loom-cache\remapped_mods\remapped\net\fabricmc\fabric-api\fabric-resource-conditions-api-v1-f9c26213\5.0.8+c47b9d4373\fabric-resource-conditions-api-v1-f9c26213-5.0.8+c47b9d4373.jar
[Architectury Transformer DEBUG]  - C:\Users\Ray\Documents\ModDevNew\Holographic Health Indicators\holographic_health_indicators-1.20.4-fabric-neoforge-forge-template\.gradle\loom-cache\remapped_mods\remapped\net\fabricmc\fabric-api\fabric-resource-loader-v0-f9c26213\3.0.5+c47b9d4373\fabric-resource-loader-v0-f9c26213-3.0.5+c47b9d4373.jar
[Architectury Transformer DEBUG]  - C:\Users\Ray\Documents\ModDevNew\Holographic Health Indicators\holographic_health_indicators-1.20.4-fabric-neoforge-forge-template\.gradle\loom-cache\remapped_mods\remapped\net\fabricmc\fabric-api\fabric-sound-api-v1-f9c26213\1.0.29+c47b9d4373\fabric-sound-api-v1-f9c26213-1.0.29+c47b9d4373.jar
[Architectury Transformer DEBUG]  - C:\Users\Ray\Documents\ModDevNew\Holographic Health Indicators\holographic_health_indicators-1.20.4-fabric-neoforge-forge-template\.gradle\loom-cache\remapped_mods\remapped\net\fabricmc\fabric-api\fabric-transitive-access-wideners-v1-f9c26213\6.1.8+c47b9d4373\fabric-transitive-access-wideners-v1-f9c26213-6.1.8+c47b9d4373.jar
[Architectury Transformer DEBUG]  - C:\Users\Ray\Documents\ModDevNew\Holographic Health Indicators\holographic_health_indicators-1.20.4-fabric-neoforge-forge-template\.gradle\loom-cache\remapped_mods\remapped\me\shedaniel\cloth\cloth-config-fabric-f9c26213\15.0.140\cloth-config-fabric-f9c26213-15.0.140-fabric.jar
[Architectury Transformer DEBUG]  - C:\Users\Ray\Documents\ModDevNew\Holographic Health Indicators\holographic_health_indicators-1.20.4-fabric-neoforge-forge-template\.gradle\loom-cache\remapped_mods\remapped\com\terraformersmc\modmenu-f9c26213\12.0.0-beta.1\modmenu-f9c26213-12.0.0-beta.1.jar
[Architectury Transformer DEBUG]  - C:\Users\Ray\Documents\ModDevNew\Holographic Health Indicators\holographic_health_indicators-1.20.4-fabric-neoforge-forge-template\.gradle\loom-cache\remapped_mods\remapped\me\shedaniel\cloth\basic-math-f9c26213\0.6.1\basic-math-f9c26213-0.6.1.jar
[Architectury Transformer DEBUG]  - C:\Users\Ray\Documents\ModDevNew\Holographic Health Indicators\holographic_health_indicators-1.20.4-fabric-neoforge-forge-template\.gradle\loom-cache\remapped_mods\remapped\unspecified\hologram_api-fabric-1.1.0 1.21.2-4-f9c26213\40e552a873\hologram_api-fabric-1.1.0 1.21.2-4-f9c26213-40e552a873.jar
[Architectury Transformer] Read classpath in 1.456 s
[Architectury Transformer DEBUG] Closed File Systems for C:\Users\Ray\Documents\ModDevNew\Holographic Health Indicators\holographic_health_indicators-1.20.4-fabric-neoforge-forge-template\common\build\devlibs\holographic_health_indicators-common-1.0.0-dev.jar
[Architectury Transformer DEBUG] Transforming 5 transformer(s) from C:\Users\Ray\Documents\ModDevNew\Holographic Health Indicators\holographic_health_indicators-1.20.4-fabric-neoforge-forge-template\common\build\devlibs\holographic_health_indicators-common-1.0.0-dev.jar to C:\Users\Ray\AppData\Local\Temp\6798918616488047941.jar: 
[Architectury Transformer DEBUG]  - dev.architectury.transformer.transformers.RuntimeMixinRefmapDetector@1d371b2d
[Architectury Transformer DEBUG]  - dev.architectury.transformer.transformers.GenerateFakeFabricMod@543c6f6d
[Architectury Transformer DEBUG]  - dev.architectury.transformer.transformers.TransformExpectPlatform@13eb8acf
[Architectury Transformer DEBUG]  - dev.architectury.transformer.transformers.RemapInjectables@51c8530f
[Architectury Transformer DEBUG]  - dev.architectury.transformer.transformers.TransformPlatformOnly@7403c468
[Architectury Transformer DEBUG] Transforming from C:\Users\Ray\Documents\ModDevNew\Holographic Health Indicators\holographic_health_indicators-1.20.4-fabric-neoforge-forge-template\common\build\devlibs\holographic_health_indicators-common-1.0.0-dev.jar to C:\Users\Ray\AppData\Local\Temp\6798918616488047941.jar with 5 transformer(s) on dev.architectury.transformer.handler.SimpleTransformerHandler
[Architectury Transformer DEBUG] Found class transformer
[Architectury Transformer DEBUG] Writing net/ray/healthindicators/ComponentUtilsParser with maxs=true frames=true
[Architectury Transformer DEBUG] Writing net/ray/healthindicators/config/ConfigGetter with maxs=true frames=true
[Architectury Transformer DEBUG] Writing net/ray/healthindicators/config/IndicatorConfig$Colors with maxs=true frames=true
[Architectury Transformer DEBUG] Writing net/ray/healthindicators/config/IndicatorConfig$DisplayConditions with maxs=true frames=true
[Architectury Transformer DEBUG] Writing net/ray/healthindicators/config/IndicatorConfig with maxs=true frames=true
[Architectury Transformer DEBUG] Writing net/ray/healthindicators/EntityHandler$EntityData with maxs=true frames=true
[Architectury Transformer DEBUG] Writing net/ray/healthindicators/EntityHandler with maxs=true frames=true
[Architectury Transformer DEBUG] Writing net/ray/healthindicators/IndicatorFormatter with maxs=true frames=true
[Architectury Transformer DEBUG] Writing net/ray/healthindicators/mixin/NameTagMixin with maxs=true frames=true
[Architectury Transformer DEBUG] Checking whether /holographic_health_indicators.mixins.json is a mixin config.
[Architectury Transformer DEBUG] Closed File Systems for C:\Users\Ray\AppData\Local\Temp\6798918616488047941.jar
[Architectury Transformer] Listening at C:\Users\Ray\Documents\ModDevNew\Holographic Health Indicators\holographic_health_indicators-1.20.4-fabric-neoforge-forge-template\common\build\devlibs\holographic_health_indicators-common-1.0.0-dev.jar
[Architectury Transformer DEBUG] Temporary jar [C:\Users\Ray\AppData\Local\Temp\6798918616488047941.jar] contains packages: net.ray.healthindicators.config, net.ray.healthindicators.mixin, net.ray.healthindicators
[Architectury Transformer DEBUG] Closed File Systems for C:\Users\Ray\Documents\ModDevNew\Holographic Health Indicators\holographic_health_indicators-1.20.4-fabric-neoforge-forge-template\common\build\devlibs\holographic_health_indicators-common-1.0.0-dev.jar
[Architectury Transformer DEBUG] Classpath entry [C:\Users\Ray\Documents\ModDevNew\Holographic Health Indicators\holographic_health_indicators-1.20.4-fabric-neoforge-forge-template\fabric\build\resources\main] contains packages: 
[Architectury Transformer DEBUG] Transforming from net/ray/healthindicators/config/IndicatorConfig.class to net/ray/healthindicators/config/IndicatorConfig.class with 5 transformer(s) on dev.architectury.transformer.handler.TinyRemapperPreparedTransformerHandler
[Architectury Transformer DEBUG] Found class transformer
[Architectury Transformer DEBUG] Writing net/ray/healthindicators/config/IndicatorConfig with maxs=true frames=true
[Architectury Transformer DEBUG] Transformed net/ray/healthindicators/config/IndicatorConfig in 1.294 ms
[Architectury Transformer DEBUG] Transforming from net/ray/healthindicators/config/IndicatorConfig$DisplayConditions.class to net/ray/healthindicators/config/IndicatorConfig$DisplayConditions.class with 5 transformer(s) on dev.architectury.transformer.handler.TinyRemapperPreparedTransformerHandler
[Architectury Transformer DEBUG] Found class transformer
[Architectury Transformer DEBUG] Writing net/ray/healthindicators/config/IndicatorConfig$DisplayConditions with maxs=true frames=true
[Architectury Transformer DEBUG] Transformed net/ray/healthindicators/config/IndicatorConfig$DisplayConditions in 660.8 μs
[Architectury Transformer DEBUG] Transforming from net/ray/healthindicators/config/IndicatorConfig$Colors.class to net/ray/healthindicators/config/IndicatorConfig$Colors.class with 5 transformer(s) on dev.architectury.transformer.handler.TinyRemapperPreparedTransformerHandler
[Architectury Transformer DEBUG] Found class transformer
[Architectury Transformer DEBUG] Writing net/ray/healthindicators/config/IndicatorConfig$Colors with maxs=true frames=true
[Architectury Transformer DEBUG] Transformed net/ray/healthindicators/config/IndicatorConfig$Colors in 499.2 μs
[Architectury Transformer DEBUG] Transforming from net/ray/healthindicators/config/ConfigGetter.class to net/ray/healthindicators/config/ConfigGetter.class with 5 transformer(s) on dev.architectury.transformer.handler.TinyRemapperPreparedTransformerHandler
[Architectury Transformer DEBUG] Found class transformer
[Architectury Transformer DEBUG] Writing net/ray/healthindicators/config/ConfigGetter with maxs=true frames=true
[Architectury Transformer DEBUG] Transformed net/ray/healthindicators/config/ConfigGetter in 429.7 μs
[Architectury Transformer DEBUG] Transforming from net/ray/healthindicators/EntityHandler.class to net/ray/healthindicators/EntityHandler.class with 5 transformer(s) on dev.architectury.transformer.handler.TinyRemapperPreparedTransformerHandler
[Architectury Transformer DEBUG] Found class transformer
[Architectury Transformer DEBUG] Writing net/ray/healthindicators/EntityHandler with maxs=true frames=true
[Architectury Transformer DEBUG] Transformed net/ray/healthindicators/EntityHandler in 4.748 ms
[Architectury Transformer DEBUG] Transforming from net/ray/healthindicators/IndicatorFormatter.class to net/ray/healthindicators/IndicatorFormatter.class with 5 transformer(s) on dev.architectury.transformer.handler.TinyRemapperPreparedTransformerHandler
[Architectury Transformer DEBUG] Found class transformer
[Architectury Transformer DEBUG] Writing net/ray/healthindicators/IndicatorFormatter with maxs=true frames=true
[Architectury Transformer DEBUG] Transformed net/ray/healthindicators/IndicatorFormatter in 2.916 ms
[Architectury Transformer DEBUG] Transforming from net/ray/healthindicators/ComponentUtilsParser.class to net/ray/healthindicators/ComponentUtilsParser.class with 5 transformer(s) on dev.architectury.transformer.handler.TinyRemapperPreparedTransformerHandler
[Architectury Transformer DEBUG] Found class transformer
[Architectury Transformer DEBUG] Writing net/ray/healthindicators/ComponentUtilsParser with maxs=true frames=true
[Architectury Transformer DEBUG] Transformed net/ray/healthindicators/ComponentUtilsParser in 1.014 ms
[Architectury Transformer DEBUG] Transforming from net/ray/healthindicators/EntityHandler$EntityData.class to net/ray/healthindicators/EntityHandler$EntityData.class with 5 transformer(s) on dev.architectury.transformer.handler.TinyRemapperPreparedTransformerHandler
[Architectury Transformer DEBUG] Found class transformer
[Architectury Transformer DEBUG] Writing net/ray/healthindicators/EntityHandler$EntityData with maxs=true frames=true
[Architectury Transformer DEBUG] Transformed net/ray/healthindicators/EntityHandler$EntityData in 690.6 μs
